2026-02-12 19:07:47 - __main__ - INFO - Initializing Log Analyzer Pipeline...
2026-02-12 19:08:08 - __main__ - INFO - Pipeline initialized successfully
2026-02-12 19:08:08 - __main__ - INFO - Setting up knowledge base...
2026-02-12 19:08:08 - __main__ - INFO - Populating knowledge base with default documents
2026-02-12 19:08:10 - __main__ - INFO - Knowledge base statistics: {'total_documents': 8, 'document_types': {'incident': 4, 'troubleshooting': 4}, 'index_size': 8, 'embedding_dimension': 384}
2026-02-12 19:08:10 - __main__ - INFO - Setup completed successfully
2026-02-12 19:10:39 - __main__ - INFO - Initializing Log Analyzer Pipeline...
2026-02-12 19:10:44 - __main__ - INFO - Pipeline initialized successfully
2026-02-12 19:10:44 - __main__ - INFO - Setting up knowledge base...
2026-02-12 19:10:44 - __main__ - INFO - Knowledge base already exists with 8 documents
2026-02-12 19:10:44 - __main__ - INFO - Knowledge base statistics: {'total_documents': 8, 'document_types': {'incident': 4, 'troubleshooting': 4}, 'index_size': 8, 'embedding_dimension': 384}
2026-02-12 19:10:44 - __main__ - INFO - Starting Agentic RAG analysis on data/datasets/sample/sample_logs.log
2026-02-12 19:10:44 - __main__ - INFO - Ingested 15 raw log entries
2026-02-12 19:10:44 - __main__ - INFO - Parsed 15 log entries
2026-02-12 19:10:44 - __main__ - INFO - Processing log 1/15
2026-02-12 19:10:45 - __main__ - INFO - Processing log 11/15
2026-02-12 19:10:45 - __main__ - INFO - Generated 15 alerts
2026-02-12 19:10:45 - __main__ - INFO - 
================================================================================
ALERT: HIGH: Error Detected in DataNode
================================================================================
Alert ID: ALERT-20260212-00001
Timestamp: 2026-02-12 19:10:45
Severity: HIGH
Confidence: 60.00%

Description:
Log Content: 2024-01-15 10:23:45 INFO [DataNode] Received block blk_123456789 from /10.0.0.1:50010

Analysis:
Error: Unable to generate response - 404 Client Error: Not Found for url: http://localhost:11434/api/generate

Affected Component: DataNode

Reasoning Chain:
  Step 1: I need to analyze this log entry: '2024-01-15 10:23:45 INFO [DataNode] Received block blk_123456789 ...
  Step 2: The retrieval didn't find relevant knowledge. I should analyze the log based on patterns and severit...
  Step 3: My analysis confidence is low. I should retrieve more specific knowledge or reflect on the findings....
  Step 4: The retrieval didn't find relevant knowledge. I should analyze the log based on patterns and severit...

================================================================================
2026-02-12 19:10:45 - __main__ - INFO - 
================================================================================
ALERT: HIGH: Error Detected in DataNode
================================================================================
Alert ID: ALERT-20260212-00002
Timestamp: 2026-02-12 19:10:45
Severity: HIGH
Confidence: 60.00%

Description:
Log Content: 2024-01-15 10:23:46 INFO [DataNode] PacketResponder: received block blk_123456789

Analysis:
Error: Unable to generate response - 404 Client Error: Not Found for url: http://localhost:11434/api/generate

Affected Component: DataNode

Reasoning Chain:
  Step 1: I need to analyze this log entry: '2024-01-15 10:23:46 INFO [DataNode] PacketResponder: received blo...
  Step 2: The retrieval didn't find relevant knowledge. I should analyze the log based on patterns and severit...
  Step 3: My analysis confidence is low. I should retrieve more specific knowledge or reflect on the findings....
  Step 4: The retrieval didn't find relevant knowledge. I should analyze the log based on patterns and severit...

================================================================================
2026-02-12 19:10:45 - __main__ - INFO - 
================================================================================
ALERT: HIGH: Error Detected in DataNode
================================================================================
Alert ID: ALERT-20260212-00003
Timestamp: 2026-02-12 19:10:45
Severity: HIGH
Confidence: 60.00%

Description:
Log Content: 2024-01-15 10:23:47 ERROR [DataNode] Exception in receiveBlock for block blk_987654321

Analysis:
Error: Unable to generate response - 404 Client Error: Not Found for url: http://localhost:11434/api/generate

Affected Component: DataNode

Reasoning Chain:
  Step 1: I need to analyze this log entry: '2024-01-15 10:23:47 ERROR [DataNode] Exception in receiveBlock fo...
  Step 2: The retrieval didn't find relevant knowledge. I should analyze the log based on patterns and severit...
  Step 3: My analysis confidence is low. I should retrieve more specific knowledge or reflect on the findings....
  Step 4: The retrieval didn't find relevant knowledge. I should analyze the log based on patterns and severit...

================================================================================
2026-02-12 19:10:45 - __main__ - INFO - 
================================================================================
ALERT: HIGH: Error Detected in DataNode
================================================================================
Alert ID: ALERT-20260212-00004
Timestamp: 2026-02-12 19:10:45
Severity: HIGH
Confidence: 60.00%

Description:
Log Content: 2024-01-15 10:23:48 FATAL [DataNode] Out of memory error while processing block

Analysis:
Error: Unable to generate response - 404 Client Error: Not Found for url: http://localhost:11434/api/generate

Affected Component: DataNode

Reasoning Chain:
  Step 1: I need to analyze this log entry: '2024-01-15 10:23:48 FATAL [DataNode] Out of memory error while pr...
  Step 2: The retrieval didn't find relevant knowledge. I should analyze the log based on patterns and severit...
  Step 3: My analysis confidence is low. I should retrieve more specific knowledge or reflect on the findings....
  Step 4: The retrieval didn't find relevant knowledge. I should analyze the log based on patterns and severit...

================================================================================
2026-02-12 19:10:45 - __main__ - INFO - 
================================================================================
ALERT: HIGH: Error Detected in NameNode
================================================================================
Alert ID: ALERT-20260212-00005
Timestamp: 2026-02-12 19:10:45
Severity: HIGH
Confidence: 60.00%

Description:
Log Content: 2024-01-15 10:23:49 WARN [NameNode] Connection timeout to DataNode at /10.0.0.2:50010

Analysis:
Error: Unable to generate response - 404 Client Error: Not Found for url: http://localhost:11434/api/generate

Affected Component: NameNode

Reasoning Chain:
  Step 1: I need to analyze this log entry: '2024-01-15 10:23:49 WARN [NameNode] Connection timeout to DataNod...
  Step 2: The retrieval didn't find relevant knowledge. I should analyze the log based on patterns and severit...
  Step 3: My analysis confidence is low. I should retrieve more specific knowledge or reflect on the findings....
  Step 4: The retrieval didn't find relevant knowledge. I should analyze the log based on patterns and severit...

================================================================================
2026-02-12 19:12:37 - __main__ - INFO - Initializing Log Analyzer Pipeline...
2026-02-12 19:12:43 - __main__ - INFO - Pipeline initialized successfully
2026-02-12 19:12:43 - __main__ - INFO - Setting up knowledge base...
2026-02-12 19:12:43 - __main__ - INFO - Knowledge base already exists with 8 documents
2026-02-12 19:12:43 - __main__ - INFO - Knowledge base statistics: {'total_documents': 8, 'document_types': {'incident': 4, 'troubleshooting': 4}, 'index_size': 8, 'embedding_dimension': 384}
2026-02-12 19:12:43 - __main__ - INFO - Starting comparative evaluation...
2026-02-12 19:12:43 - __main__ - INFO - Evaluating on 2000 log entries
2026-02-12 19:12:43 - __main__ - INFO - Evaluating Rule-Based System...
2026-02-12 19:12:43 - __main__ - INFO - Evaluating Isolation Forest System...
2026-02-12 19:12:57 - __main__ - INFO - Evaluating Non-Agentic RAG System...
2026-02-12 19:13:29 - __main__ - INFO - Evaluating Agentic RAG System...
2026-02-12 19:14:26 - __main__ - INFO - Comparative evaluation completed!
