/dev/rdisk2s2: ** Checking the APFS volume superblock.
/dev/rdisk2s2:    The volume Update was formatted by com.apple.Mobile (1677.81.1) and last modified by apfs_kext (2332.140.13).
/dev/rdisk2s2: ** QUICKCHECK ONLY; FILESYSTEM CLEAN
/dev/rdisk2s2: fsck_apfs completed at Wed Apr 29 08:41:05 2026
/dev/rdisk1s4: fsck_apfs started at Wed Apr 29 08:41:05 2026
/dev/rdisk1s4: ** QUICKCHECK ONLY; FILESYSTEM CLEAN
/dev/rdisk1s4: fsck_apfs completed at Wed Apr 29 08:41:05 2026
/dev/rdisk3s3: fsck_apfs started at Wed Apr 29 08:41:05 2026
/dev/rdisk3s3: ** QUICKCHECK ONLY; FILESYSTEM CLEAN
/dev/rdisk3s3: fsck_apfs completed at Wed Apr 29 08:41:05 2026
/dev/rdisk1s2: fsck_apfs started at Wed Apr 29 08:41:05 2026
/dev/rdisk1s2: error: container /dev/rdisk1 is mounted with write access; please re-run with -l.
/dev/rdisk1s2: fsck_apfs completed at Wed Apr 29 08:41:05 2026
/dev/rdisk3s4: fsck_apfs started at Wed Apr 29 08:41:05 2026
/dev/rdisk3s4: error: container /dev/rdisk3 is mounted with write access; please re-run with -l.
/dev/rdisk3s4: fsck_apfs completed at Wed Apr 29 08:41:05 2026
/dev/rdisk3s5: fsck_apfs started at Wed Apr 29 08:41:05 2026
/dev/rdisk3s5: error: container /dev/rdisk3 is mounted with write access; please re-run with -l.
/dev/rdisk3s5: fsck_apfs completed at Wed Apr 29 08:41:05 2026
/dev/rdisk3s6: fsck_apfs started at Wed Apr 29 08:41:05 2026
/dev/rdisk3s6: error: container /dev/rdisk3 is mounted with write access; please re-run with -l.
/dev/rdisk3s6: fsck_apfs completed at Wed Apr 29 08:41:05 2026
/dev/rdisk3s1s1: fsck_apfs started at Wed Apr 29 08:41:05 2026
/dev/rdisk3s1s1: ** QUICKCHECK ONLY; FILESYSTEM CLEAN
/dev/rdisk3s1s1: fsck_apfs completed at Wed Apr 29 08:41:05 2026
/dev/rdisk3s3: fsck_apfs started at Wed Apr 29 08:41:30 2026
/dev/rdisk3s3: ** QUICKCHECK ONLY; FILESYSTEM CLEAN
/dev/rdisk3s3: fsck_apfs completed at Wed Apr 29 08:41:30 2026
/dev/rdisk3s3: fsck_apfs started at Wed Apr 29 08:48:42 2026
/dev/rdisk3s3: ** QUICKCHECK ONLY; FILESYSTEM CLEAN
/dev/rdisk3s3: fsck_apfs completed at Wed Apr 29 08:48:42 2026
/dev/rdisk3s3: fsck_apfs started at Fri May  1 10:15:44 2026
/dev/rdisk3s3: ** QUICKCHECK ONLY; FILESYSTEM CLEAN
/dev/rdisk3s3: fsck_apfs completed at Fri May  1 10:15:44 2026
/dev/rdisk5s1: fsck_apfs started at Sat May  2 15:56:38 2026
/dev/rdisk5s1: ** Checking the container superblock.
/dev/rdisk5s1:    Checking the checkpoint with transaction ID 9.
/dev/rdisk5s1: ** Checking the object map.
/dev/rdisk5s1: ** Checking volume /dev/rdisk5s1.
/dev/rdisk5s1: ** Checking the APFS volume superblock.
/dev/rdisk5s1:    The volume Mendeley Reference Manager 2.144.0-universal was formatted by newfs_apfs (2317.81.2) and last modified by apfs_kext (2317.81.2).
/dev/rdisk5s1: ** QUICKCHECK ONLY; FILESYSTEM CLEAN
/dev/rdisk5s1: fsck_apfs completed at Sat May  2 15:56:38 2026
/dev/rdisk2s1: fsck_apfs started at Sat May  2 16:13:20 2026
/dev/rdisk1s4: fsck_apfs started at Sat May  2 16:13:20 2026
/dev/rdisk3s1: fsck_apfs started at Sat May  2 16:13:20 2026
/dev/rdisk3s1: ** QUICKCHECK ONLY; FILESYSTEM CLEAN
/dev/rdisk1s4: ** QUICKCHECK ONLY; FILESYSTEM CLEAN
/dev/rdisk1s4: fsck_apfs completed at Sat May  2 16:13:20 2026
/dev/rdisk3s1: fsck_apfs completed at Sat May  2 16:13:20 2026
/dev/rdisk2s1: ** Checking the container superblock.
/dev/rdisk2s1:    Checking the checkpoint with transaction ID 276.
/dev/rdisk2s1: ** Checking the object map.
/dev/rdisk2s1: ** Checking volume /dev/rdisk2s1.
/dev/rdisk2s1: ** Checking the APFS volume superblock.
/dev/rdisk2s1:    The volume Recovery was formatted by newfs_apfs (1677.81.1) and last modified by apfs_kext (2332.140.13).
/dev/rdisk2s1: ** QUICKCHECK ONLY; FILESYSTEM CLEAN
/dev/rdisk2s1: fsck_apfs completed at Sat May  2 16:13:20 2026
/dev/rdisk1s1: fsck_apfs started at Sat May  2 16:13:20 2026
/dev/rdisk3s2: fsck_apfs started at Sat May  2 16:13:20 2026
/dev/rdisk3s2: error: container /dev/rdisk3 is mounted with write access; please re-run with -l.
/dev/rdisk1s1: error: container /dev/rdisk1 is mounted with write access; please re-run with -l.
/dev/rdisk1s1: fsck_apfs completed at Sat May  2 16:13:20 2026
/dev/rdisk3s2: fsck_apfs completed at Sat May  2 16:13:20 2026
/dev/rdisk2s2: fsck_apfs started at Sat May  2 16:13:20 2026
/dev/rdisk2s2: ** Checking the container superblock.
/dev/rdisk2s2:    Checking the checkpoint with transaction ID 276.
/dev/rdisk2s2: ** Checking the object map.
/dev/rdisk2s2: ** Checking volume /dev/rdisk2s2.
/dev/rdisk2s2: ** Checking the APFS volume superblock.
/dev/rdisk2s2:    The volume Update was formatted by com.apple.Mobile (1677.81.1) and last modified by apfs_kext (2332.140.13).
/dev/rdisk2s2: ** QUICKCHECK ONLY; FILESYSTEM CLEAN
/dev/rdisk2s2: fsck_apfs completed at Sat May  2 16:13:20 2026
/dev/rdisk1s3: fsck_apfs started at Sat May  2 16:13:20 2026
/dev/rdisk1s3: error: container /dev/rdisk1 is mounted with write access; please re-run with -l.
/dev/rdisk1s3: fsck_apfs completed at Sat May  2 16:13:20 2026
/dev/rdisk3s3: fsck_apfs started at Sat May  2 16:13:20 2026
/dev/rdisk3s3: ** QUICKCHECK ONLY; FILESYSTEM CLEAN
/dev/rdisk3s3: fsck_apfs completed at Sat May  2 16:13:20 2026
/dev/rdisk1s2: fsck_apfs started at Sat May  2 16:13:20 2026
/dev/rdisk1s2: error: container /dev/rdisk1 is mounted with write access; please re-run with -l.
/dev/rdisk1s2: fsck_apfs completed at Sat May  2 16:13:20 2026
/dev/rdisk3s4: fsck_apfs started at Sat May  2 16:13:20 2026
/dev/rdisk3s4: error: container /dev/rdisk3 is mounted with write access; please re-run with -l.
/dev/rdisk3s4: fsck_apfs completed at Sat May  2 16:13:20 2026
/dev/rdisk3s5: fsck_apfs started at Sat May  2 16:13:20 2026
/dev/rdisk3s5: error: container /dev/rdisk3 is mounted with write access; please re-run with -l.
/dev/rdisk3s5: fsck_apfs completed at Sat May  2 16:13:20 2026
/dev/rdisk3s6: fsck_apfs started at Sat May  2 16:13:20 2026
/dev/rdisk3s6: error: container /dev/rdisk3 is mounted with write access; please re-run with -l.
/dev/rdisk3s6: fsck_apfs completed at Sat May  2 16:13:20 2026
/dev/rdisk3s1s1: fsck_apfs started at Sat May  2 16:13:20 2026
/dev/rdisk3s1s1: ** QUICKCHECK ONLY; FILESYSTEM CLEAN
/dev/rdisk3s1s1: fsck_apfs completed at Sat May  2 16:13:20 2026
/dev/rdisk3s3: fsck_apfs started at Sat May  2 16:13:48 2026
/dev/rdisk3s3: ** QUICKCHECK ONLY; FILESYSTEM CLEAN
/dev/rdisk3s3: fsck_apfs completed at Sat May  2 16:13:48 2026
/dev/rdisk3s3: fsck_apfs started at Sun May  3 07:42:52 2026
/dev/rdisk3s3: ** QUICKCHECK ONLY; FILESYSTEM CLEAN
/dev/rdisk3s3: fsck_apfs completed at Sun May  3 07:42:52 2026

=== Capture at 2026-05-03 21:55:14 ===
/dev/rdisk2s2: ** Checking the APFS volume superblock.
/dev/rdisk2s2:    The volume Update was formatted by com.apple.Mobile (1677.81.1) and last modified by apfs_kext (2332.140.13).
/dev/rdisk2s2: ** QUICKCHECK ONLY; FILESYSTEM CLEAN
/dev/rdisk2s2: fsck_apfs completed at Wed Apr 29 08:41:05 2026
/dev/rdisk1s4: fsck_apfs started at Wed Apr 29 08:41:05 2026
/dev/rdisk1s4: ** QUICKCHECK ONLY; FILESYSTEM CLEAN
/dev/rdisk1s4: fsck_apfs completed at Wed Apr 29 08:41:05 2026
/dev/rdisk3s3: fsck_apfs started at Wed Apr 29 08:41:05 2026
/dev/rdisk3s3: ** QUICKCHECK ONLY; FILESYSTEM CLEAN
/dev/rdisk3s3: fsck_apfs completed at Wed Apr 29 08:41:05 2026
/dev/rdisk1s2: fsck_apfs started at Wed Apr 29 08:41:05 2026
/dev/rdisk1s2: error: container /dev/rdisk1 is mounted with write access; please re-run with -l.
/dev/rdisk1s2: fsck_apfs completed at Wed Apr 29 08:41:05 2026
/dev/rdisk3s4: fsck_apfs started at Wed Apr 29 08:41:05 2026
/dev/rdisk3s4: error: container /dev/rdisk3 is mounted with write access; please re-run with -l.
/dev/rdisk3s4: fsck_apfs completed at Wed Apr 29 08:41:05 2026
/dev/rdisk3s5: fsck_apfs started at Wed Apr 29 08:41:05 2026
/dev/rdisk3s5: error: container /dev/rdisk3 is mounted with write access; please re-run with -l.
/dev/rdisk3s5: fsck_apfs completed at Wed Apr 29 08:41:05 2026
/dev/rdisk3s6: fsck_apfs started at Wed Apr 29 08:41:05 2026
/dev/rdisk3s6: error: container /dev/rdisk3 is mounted with write access; please re-run with -l.
/dev/rdisk3s6: fsck_apfs completed at Wed Apr 29 08:41:05 2026
/dev/rdisk3s1s1: fsck_apfs started at Wed Apr 29 08:41:05 2026
/dev/rdisk3s1s1: ** QUICKCHECK ONLY; FILESYSTEM CLEAN
/dev/rdisk3s1s1: fsck_apfs completed at Wed Apr 29 08:41:05 2026
/dev/rdisk3s3: fsck_apfs started at Wed Apr 29 08:41:30 2026
/dev/rdisk3s3: ** QUICKCHECK ONLY; FILESYSTEM CLEAN
/dev/rdisk3s3: fsck_apfs completed at Wed Apr 29 08:41:30 2026
/dev/rdisk3s3: fsck_apfs started at Wed Apr 29 08:48:42 2026
/dev/rdisk3s3: ** QUICKCHECK ONLY; FILESYSTEM CLEAN
/dev/rdisk3s3: fsck_apfs completed at Wed Apr 29 08:48:42 2026
/dev/rdisk3s3: fsck_apfs started at Fri May  1 10:15:44 2026
/dev/rdisk3s3: ** QUICKCHECK ONLY; FILESYSTEM CLEAN
/dev/rdisk3s3: fsck_apfs completed at Fri May  1 10:15:44 2026
/dev/rdisk5s1: fsck_apfs started at Sat May  2 15:56:38 2026
/dev/rdisk5s1: ** Checking the container superblock.
/dev/rdisk5s1:    Checking the checkpoint with transaction ID 9.
/dev/rdisk5s1: ** Checking the object map.
/dev/rdisk5s1: ** Checking volume /dev/rdisk5s1.
/dev/rdisk5s1: ** Checking the APFS volume superblock.
/dev/rdisk5s1:    The volume Mendeley Reference Manager 2.144.0-universal was formatted by newfs_apfs (2317.81.2) and last modified by apfs_kext (2317.81.2).
/dev/rdisk5s1: ** QUICKCHECK ONLY; FILESYSTEM CLEAN
/dev/rdisk5s1: fsck_apfs completed at Sat May  2 15:56:38 2026
/dev/rdisk2s1: fsck_apfs started at Sat May  2 16:13:20 2026
/dev/rdisk1s4: fsck_apfs started at Sat May  2 16:13:20 2026
/dev/rdisk3s1: fsck_apfs started at Sat May  2 16:13:20 2026
/dev/rdisk3s1: ** QUICKCHECK ONLY; FILESYSTEM CLEAN
/dev/rdisk1s4: ** QUICKCHECK ONLY; FILESYSTEM CLEAN
/dev/rdisk1s4: fsck_apfs completed at Sat May  2 16:13:20 2026
/dev/rdisk3s1: fsck_apfs completed at Sat May  2 16:13:20 2026
/dev/rdisk2s1: ** Checking the container superblock.
/dev/rdisk2s1:    Checking the checkpoint with transaction ID 276.
/dev/rdisk2s1: ** Checking the object map.
/dev/rdisk2s1: ** Checking volume /dev/rdisk2s1.
/dev/rdisk2s1: ** Checking the APFS volume superblock.
/dev/rdisk2s1:    The volume Recovery was formatted by newfs_apfs (1677.81.1) and last modified by apfs_kext (2332.140.13).
/dev/rdisk2s1: ** QUICKCHECK ONLY; FILESYSTEM CLEAN
/dev/rdisk2s1: fsck_apfs completed at Sat May  2 16:13:20 2026
/dev/rdisk1s1: fsck_apfs started at Sat May  2 16:13:20 2026
/dev/rdisk3s2: fsck_apfs started at Sat May  2 16:13:20 2026
/dev/rdisk3s2: error: container /dev/rdisk3 is mounted with write access; please re-run with -l.
/dev/rdisk1s1: error: container /dev/rdisk1 is mounted with write access; please re-run with -l.
/dev/rdisk1s1: fsck_apfs completed at Sat May  2 16:13:20 2026
/dev/rdisk3s2: fsck_apfs completed at Sat May  2 16:13:20 2026
/dev/rdisk2s2: fsck_apfs started at Sat May  2 16:13:20 2026
/dev/rdisk2s2: ** Checking the container superblock.
/dev/rdisk2s2:    Checking the checkpoint with transaction ID 276.
/dev/rdisk2s2: ** Checking the object map.
/dev/rdisk2s2: ** Checking volume /dev/rdisk2s2.
/dev/rdisk2s2: ** Checking the APFS volume superblock.
/dev/rdisk2s2:    The volume Update was formatted by com.apple.Mobile (1677.81.1) and last modified by apfs_kext (2332.140.13).
/dev/rdisk2s2: ** QUICKCHECK ONLY; FILESYSTEM CLEAN
/dev/rdisk2s2: fsck_apfs completed at Sat May  2 16:13:20 2026
/dev/rdisk1s3: fsck_apfs started at Sat May  2 16:13:20 2026
/dev/rdisk1s3: error: container /dev/rdisk1 is mounted with write access; please re-run with -l.
/dev/rdisk1s3: fsck_apfs completed at Sat May  2 16:13:20 2026
/dev/rdisk3s3: fsck_apfs started at Sat May  2 16:13:20 2026
/dev/rdisk3s3: ** QUICKCHECK ONLY; FILESYSTEM CLEAN
/dev/rdisk3s3: fsck_apfs completed at Sat May  2 16:13:20 2026
/dev/rdisk1s2: fsck_apfs started at Sat May  2 16:13:20 2026
/dev/rdisk1s2: error: container /dev/rdisk1 is mounted with write access; please re-run with -l.
/dev/rdisk1s2: fsck_apfs completed at Sat May  2 16:13:20 2026
/dev/rdisk3s4: fsck_apfs started at Sat May  2 16:13:20 2026
/dev/rdisk3s4: error: container /dev/rdisk3 is mounted with write access; please re-run with -l.
/dev/rdisk3s4: fsck_apfs completed at Sat May  2 16:13:20 2026
/dev/rdisk3s5: fsck_apfs started at Sat May  2 16:13:20 2026
/dev/rdisk3s5: error: container /dev/rdisk3 is mounted with write access; please re-run with -l.
/dev/rdisk3s5: fsck_apfs completed at Sat May  2 16:13:20 2026
/dev/rdisk3s6: fsck_apfs started at Sat May  2 16:13:20 2026
/dev/rdisk3s6: error: container /dev/rdisk3 is mounted with write access; please re-run with -l.
/dev/rdisk3s6: fsck_apfs completed at Sat May  2 16:13:20 2026
/dev/rdisk3s1s1: fsck_apfs started at Sat May  2 16:13:20 2026
/dev/rdisk3s1s1: ** QUICKCHECK ONLY; FILESYSTEM CLEAN
/dev/rdisk3s1s1: fsck_apfs completed at Sat May  2 16:13:20 2026
/dev/rdisk3s3: fsck_apfs started at Sat May  2 16:13:48 2026
/dev/rdisk3s3: ** QUICKCHECK ONLY; FILESYSTEM CLEAN
/dev/rdisk3s3: fsck_apfs completed at Sat May  2 16:13:48 2026
/dev/rdisk3s3: fsck_apfs started at Sun May  3 07:42:52 2026
/dev/rdisk3s3: ** QUICKCHECK ONLY; FILESYSTEM CLEAN
/dev/rdisk3s3: fsck_apfs completed at Sun May  3 07:42:52 2026

=== Capture at 2026-05-03 21:55:19 ===
/dev/rdisk2s2: ** Checking the APFS volume superblock.
/dev/rdisk2s2:    The volume Update was formatted by com.apple.Mobile (1677.81.1) and last modified by apfs_kext (2332.140.13).
/dev/rdisk2s2: ** QUICKCHECK ONLY; FILESYSTEM CLEAN
/dev/rdisk2s2: fsck_apfs completed at Wed Apr 29 08:41:05 2026
/dev/rdisk1s4: fsck_apfs started at Wed Apr 29 08:41:05 2026
/dev/rdisk1s4: ** QUICKCHECK ONLY; FILESYSTEM CLEAN
/dev/rdisk1s4: fsck_apfs completed at Wed Apr 29 08:41:05 2026
/dev/rdisk3s3: fsck_apfs started at Wed Apr 29 08:41:05 2026
/dev/rdisk3s3: ** QUICKCHECK ONLY; FILESYSTEM CLEAN
/dev/rdisk3s3: fsck_apfs completed at Wed Apr 29 08:41:05 2026
/dev/rdisk1s2: fsck_apfs started at Wed Apr 29 08:41:05 2026
/dev/rdisk1s2: error: container /dev/rdisk1 is mounted with write access; please re-run with -l.
/dev/rdisk1s2: fsck_apfs completed at Wed Apr 29 08:41:05 2026
/dev/rdisk3s4: fsck_apfs started at Wed Apr 29 08:41:05 2026
/dev/rdisk3s4: error: container /dev/rdisk3 is mounted with write access; please re-run with -l.
/dev/rdisk3s4: fsck_apfs completed at Wed Apr 29 08:41:05 2026
/dev/rdisk3s5: fsck_apfs started at Wed Apr 29 08:41:05 2026
/dev/rdisk3s5: error: container /dev/rdisk3 is mounted with write access; please re-run with -l.
/dev/rdisk3s5: fsck_apfs completed at Wed Apr 29 08:41:05 2026
/dev/rdisk3s6: fsck_apfs started at Wed Apr 29 08:41:05 2026
/dev/rdisk3s6: error: container /dev/rdisk3 is mounted with write access; please re-run with -l.
/dev/rdisk3s6: fsck_apfs completed at Wed Apr 29 08:41:05 2026
/dev/rdisk3s1s1: fsck_apfs started at Wed Apr 29 08:41:05 2026
/dev/rdisk3s1s1: ** QUICKCHECK ONLY; FILESYSTEM CLEAN
/dev/rdisk3s1s1: fsck_apfs completed at Wed Apr 29 08:41:05 2026
/dev/rdisk3s3: fsck_apfs started at Wed Apr 29 08:41:30 2026
/dev/rdisk3s3: ** QUICKCHECK ONLY; FILESYSTEM CLEAN
/dev/rdisk3s3: fsck_apfs completed at Wed Apr 29 08:41:30 2026
/dev/rdisk3s3: fsck_apfs started at Wed Apr 29 08:48:42 2026
/dev/rdisk3s3: ** QUICKCHECK ONLY; FILESYSTEM CLEAN
/dev/rdisk3s3: fsck_apfs completed at Wed Apr 29 08:48:42 2026
/dev/rdisk3s3: fsck_apfs started at Fri May  1 10:15:44 2026
/dev/rdisk3s3: ** QUICKCHECK ONLY; FILESYSTEM CLEAN
/dev/rdisk3s3: fsck_apfs completed at Fri May  1 10:15:44 2026
/dev/rdisk5s1: fsck_apfs started at Sat May  2 15:56:38 2026
/dev/rdisk5s1: ** Checking the container superblock.
/dev/rdisk5s1:    Checking the checkpoint with transaction ID 9.
/dev/rdisk5s1: ** Checking the object map.
/dev/rdisk5s1: ** Checking volume /dev/rdisk5s1.
/dev/rdisk5s1: ** Checking the APFS volume superblock.
/dev/rdisk5s1:    The volume Mendeley Reference Manager 2.144.0-universal was formatted by newfs_apfs (2317.81.2) and last modified by apfs_kext (2317.81.2).
/dev/rdisk5s1: ** QUICKCHECK ONLY; FILESYSTEM CLEAN
/dev/rdisk5s1: fsck_apfs completed at Sat May  2 15:56:38 2026
/dev/rdisk2s1: fsck_apfs started at Sat May  2 16:13:20 2026
/dev/rdisk1s4: fsck_apfs started at Sat May  2 16:13:20 2026
/dev/rdisk3s1: fsck_apfs started at Sat May  2 16:13:20 2026
/dev/rdisk3s1: ** QUICKCHECK ONLY; FILESYSTEM CLEAN
/dev/rdisk1s4: ** QUICKCHECK ONLY; FILESYSTEM CLEAN
/dev/rdisk1s4: fsck_apfs completed at Sat May  2 16:13:20 2026
/dev/rdisk3s1: fsck_apfs completed at Sat May  2 16:13:20 2026
/dev/rdisk2s1: ** Checking the container superblock.
/dev/rdisk2s1:    Checking the checkpoint with transaction ID 276.
/dev/rdisk2s1: ** Checking the object map.
/dev/rdisk2s1: ** Checking volume /dev/rdisk2s1.
/dev/rdisk2s1: ** Checking the APFS volume superblock.
/dev/rdisk2s1:    The volume Recovery was formatted by newfs_apfs (1677.81.1) and last modified by apfs_kext (2332.140.13).
/dev/rdisk2s1: ** QUICKCHECK ONLY; FILESYSTEM CLEAN
/dev/rdisk2s1: fsck_apfs completed at Sat May  2 16:13:20 2026
/dev/rdisk1s1: fsck_apfs started at Sat May  2 16:13:20 2026
/dev/rdisk3s2: fsck_apfs started at Sat May  2 16:13:20 2026
/dev/rdisk3s2: error: container /dev/rdisk3 is mounted with write access; please re-run with -l.
/dev/rdisk1s1: error: container /dev/rdisk1 is mounted with write access; please re-run with -l.
/dev/rdisk1s1: fsck_apfs completed at Sat May  2 16:13:20 2026
/dev/rdisk3s2: fsck_apfs completed at Sat May  2 16:13:20 2026
/dev/rdisk2s2: fsck_apfs started at Sat May  2 16:13:20 2026
/dev/rdisk2s2: ** Checking the container superblock.
/dev/rdisk2s2:    Checking the checkpoint with transaction ID 276.
/dev/rdisk2s2: ** Checking the object map.
/dev/rdisk2s2: ** Checking volume /dev/rdisk2s2.
/dev/rdisk2s2: ** Checking the APFS volume superblock.
/dev/rdisk2s2:    The volume Update was formatted by com.apple.Mobile (1677.81.1) and last modified by apfs_kext (2332.140.13).
/dev/rdisk2s2: ** QUICKCHECK ONLY; FILESYSTEM CLEAN
/dev/rdisk2s2: fsck_apfs completed at Sat May  2 16:13:20 2026
/dev/rdisk1s3: fsck_apfs started at Sat May  2 16:13:20 2026
/dev/rdisk1s3: error: container /dev/rdisk1 is mounted with write access; please re-run with -l.
/dev/rdisk1s3: fsck_apfs completed at Sat May  2 16:13:20 2026
/dev/rdisk3s3: fsck_apfs started at Sat May  2 16:13:20 2026
/dev/rdisk3s3: ** QUICKCHECK ONLY; FILESYSTEM CLEAN
/dev/rdisk3s3: fsck_apfs completed at Sat May  2 16:13:20 2026
/dev/rdisk1s2: fsck_apfs started at Sat May  2 16:13:20 2026
/dev/rdisk1s2: error: container /dev/rdisk1 is mounted with write access; please re-run with -l.
/dev/rdisk1s2: fsck_apfs completed at Sat May  2 16:13:20 2026
/dev/rdisk3s4: fsck_apfs started at Sat May  2 16:13:20 2026
/dev/rdisk3s4: error: container /dev/rdisk3 is mounted with write access; please re-run with -l.
/dev/rdisk3s4: fsck_apfs completed at Sat May  2 16:13:20 2026
/dev/rdisk3s5: fsck_apfs started at Sat May  2 16:13:20 2026
/dev/rdisk3s5: error: container /dev/rdisk3 is mounted with write access; please re-run with -l.
/dev/rdisk3s5: fsck_apfs completed at Sat May  2 16:13:20 2026
/dev/rdisk3s6: fsck_apfs started at Sat May  2 16:13:20 2026
/dev/rdisk3s6: error: container /dev/rdisk3 is mounted with write access; please re-run with -l.
/dev/rdisk3s6: fsck_apfs completed at Sat May  2 16:13:20 2026
/dev/rdisk3s1s1: fsck_apfs started at Sat May  2 16:13:20 2026
/dev/rdisk3s1s1: ** QUICKCHECK ONLY; FILESYSTEM CLEAN
/dev/rdisk3s1s1: fsck_apfs completed at Sat May  2 16:13:20 2026
/dev/rdisk3s3: fsck_apfs started at Sat May  2 16:13:48 2026
/dev/rdisk3s3: ** QUICKCHECK ONLY; FILESYSTEM CLEAN
/dev/rdisk3s3: fsck_apfs completed at Sat May  2 16:13:48 2026
/dev/rdisk3s3: fsck_apfs started at Sun May  3 07:42:52 2026
/dev/rdisk3s3: ** QUICKCHECK ONLY; FILESYSTEM CLEAN
/dev/rdisk3s3: fsck_apfs completed at Sun May  3 07:42:52 2026
