/dev/rdisk3s2: error: container /dev/rdisk3 is mounted with write access; please re-run with -l.
/dev/rdisk1s1: error: container /dev/rdisk1 is mounted with write access; please re-run with -l.
/dev/rdisk1s1: fsck_apfs completed at Sat May  2 16:13:20 2026
/dev/rdisk3s2: fsck_apfs completed at Sat May  2 16:13:20 2026
/dev/rdisk2s2: fsck_apfs started at Sat May  2 16:13:20 2026
/dev/rdisk2s2: ** Checking the container superblock.
/dev/rdisk2s2:    Checking the checkpoint with transaction ID 276.
/dev/rdisk2s2: ** Checking the object map.
/dev/rdisk2s2: ** Checking volume /dev/rdisk2s2.
/dev/rdisk2s2: ** Checking the APFS volume superblock.
/dev/rdisk2s2:    The volume Update was formatted by com.apple.Mobile (1677.81.1) and last modified by apfs_kext (2332.140.13).
/dev/rdisk2s2: ** QUICKCHECK ONLY; FILESYSTEM CLEAN
/dev/rdisk2s2: fsck_apfs completed at Sat May  2 16:13:20 2026
/dev/rdisk1s3: fsck_apfs started at Sat May  2 16:13:20 2026
/dev/rdisk1s3: error: container /dev/rdisk1 is mounted with write access; please re-run with -l.
/dev/rdisk1s3: fsck_apfs completed at Sat May  2 16:13:20 2026
/dev/rdisk3s3: fsck_apfs started at Sat May  2 16:13:20 2026
/dev/rdisk3s3: ** QUICKCHECK ONLY; FILESYSTEM CLEAN
/dev/rdisk3s3: fsck_apfs completed at Sat May  2 16:13:20 2026
/dev/rdisk1s2: fsck_apfs started at Sat May  2 16:13:20 2026
/dev/rdisk1s2: error: container /dev/rdisk1 is mounted with write access; please re-run with -l.
/dev/rdisk1s2: fsck_apfs completed at Sat May  2 16:13:20 2026
/dev/rdisk3s4: fsck_apfs started at Sat May  2 16:13:20 2026
/dev/rdisk3s4: error: container /dev/rdisk3 is mounted with write access; please re-run with -l.
/dev/rdisk3s4: fsck_apfs completed at Sat May  2 16:13:20 2026
/dev/rdisk3s5: fsck_apfs started at Sat May  2 16:13:20 2026
/dev/rdisk3s5: error: container /dev/rdisk3 is mounted with write access; please re-run with -l.
/dev/rdisk3s5: fsck_apfs completed at Sat May  2 16:13:20 2026
/dev/rdisk3s6: fsck_apfs started at Sat May  2 16:13:20 2026
/dev/rdisk3s6: error: container /dev/rdisk3 is mounted with write access; please re-run with -l.
/dev/rdisk3s6: fsck_apfs completed at Sat May  2 16:13:20 2026
/dev/rdisk3s1s1: fsck_apfs started at Sat May  2 16:13:20 2026
/dev/rdisk3s1s1: ** QUICKCHECK ONLY; FILESYSTEM CLEAN
/dev/rdisk3s1s1: fsck_apfs completed at Sat May  2 16:13:20 2026
/dev/rdisk3s3: fsck_apfs started at Sat May  2 16:13:48 2026
/dev/rdisk3s3: ** QUICKCHECK ONLY; FILESYSTEM CLEAN
/dev/rdisk3s3: fsck_apfs completed at Sat May  2 16:13:48 2026
/dev/rdisk3s3: fsck_apfs started at Sun May  3 07:42:52 2026
/dev/rdisk3s3: ** QUICKCHECK ONLY; FILESYSTEM CLEAN
/dev/rdisk3s3: fsck_apfs completed at Sun May  3 07:42:52 2026
/dev/rdisk1s1: fsck_apfs started at Mon May  4 07:40:50 2026
/dev/rdisk2s1: fsck_apfs started at Mon May  4 07:40:50 2026
/dev/rdisk3s2: fsck_apfs started at Mon May  4 07:40:50 2026
/dev/rdisk3s2: error: container /dev/rdisk3 is mounted with write access; please re-run with -l.
/dev/rdisk3s2: fsck_apfs completed at Mon May  4 07:40:50 2026
/dev/rdisk1s1: error: container /dev/rdisk1 is mounted with write access; please re-run with -l.
/dev/rdisk1s1: fsck_apfs completed at Mon May  4 07:40:50 2026
/dev/rdisk2s1: ** Checking the container superblock.
/dev/rdisk2s1:    Checking the checkpoint with transaction ID 276.
/dev/rdisk2s1: ** Checking the object map.
/dev/rdisk2s1: ** Checking volume /dev/rdisk2s1.
/dev/rdisk2s1: ** Checking the APFS volume superblock.
/dev/rdisk2s1:    The volume Recovery was formatted by newfs_apfs (1677.81.1) and last modified by apfs_kext (2332.140.13).
/dev/rdisk2s1: ** QUICKCHECK ONLY; FILESYSTEM CLEAN
/dev/rdisk2s1: fsck_apfs completed at Mon May  4 07:40:50 2026
/dev/rdisk3s1: fsck_apfs started at Mon May  4 07:40:50 2026
/dev/rdisk3s1: ** QUICKCHECK ONLY; FILESYSTEM CLEAN
/dev/rdisk3s1: fsck_apfs completed at Mon May  4 07:40:50 2026
/dev/rdisk1s2: fsck_apfs started at Mon May  4 07:40:50 2026
/dev/rdisk1s2: error: container /dev/rdisk1 is mounted with write access; please re-run with -l.
/dev/rdisk1s2: fsck_apfs completed at Mon May  4 07:40:50 2026
/dev/rdisk2s2: fsck_apfs started at Mon May  4 07:40:50 2026
/dev/rdisk2s2: ** Checking the container superblock.
/dev/rdisk2s2:    Checking the checkpoint with transaction ID 276.
/dev/rdisk2s2: ** Checking the object map.
/dev/rdisk2s2: ** Checking volume /dev/rdisk2s2.
/dev/rdisk2s2: ** Checking the APFS volume superblock.
/dev/rdisk2s2:    The volume Update was formatted by com.apple.Mobile (1677.81.1) and last modified by apfs_kext (2332.140.13).
/dev/rdisk2s2: ** QUICKCHECK ONLY; FILESYSTEM CLEAN
/dev/rdisk2s2: fsck_apfs completed at Mon May  4 07:40:50 2026
/dev/rdisk3s3: fsck_apfs started at Mon May  4 07:40:50 2026
/dev/rdisk3s3: ** QUICKCHECK ONLY; FILESYSTEM CLEAN
/dev/rdisk3s3: fsck_apfs completed at Mon May  4 07:40:50 2026
/dev/rdisk1s3: fsck_apfs started at Mon May  4 07:40:50 2026
/dev/rdisk1s3: error: container /dev/rdisk1 is mounted with write access; please re-run with -l.
/dev/rdisk1s3: fsck_apfs completed at Mon May  4 07:40:50 2026
/dev/rdisk3s4: fsck_apfs started at Mon May  4 07:40:50 2026
/dev/rdisk3s4: error: container /dev/rdisk3 is mounted with write access; please re-run with -l.
/dev/rdisk3s4: fsck_apfs completed at Mon May  4 07:40:50 2026
/dev/rdisk1s4: fsck_apfs started at Mon May  4 07:40:50 2026
/dev/rdisk1s4: ** QUICKCHECK ONLY; FILESYSTEM CLEAN
/dev/rdisk1s4: fsck_apfs completed at Mon May  4 07:40:50 2026
/dev/rdisk3s5: fsck_apfs started at Mon May  4 07:40:50 2026
/dev/rdisk3s5: error: container /dev/rdisk3 is mounted with write access; please re-run with -l.
/dev/rdisk3s5: fsck_apfs completed at Mon May  4 07:40:50 2026
/dev/rdisk3s6: fsck_apfs started at Mon May  4 07:40:51 2026
/dev/rdisk3s6: error: container /dev/rdisk3 is mounted with write access; please re-run with -l.
/dev/rdisk3s6: fsck_apfs completed at Mon May  4 07:40:50 2026
/dev/rdisk3s1s1: fsck_apfs started at Mon May  4 07:40:51 2026
/dev/rdisk3s1s1: ** QUICKCHECK ONLY; FILESYSTEM CLEAN
/dev/rdisk3s1s1: fsck_apfs completed at Mon May  4 07:40:51 2026
/dev/rdisk3s3: fsck_apfs started at Mon May  4 07:41:07 2026
/dev/rdisk3s3: ** QUICKCHECK ONLY; FILESYSTEM CLEAN
/dev/rdisk3s3: fsck_apfs completed at Mon May  4 07:41:07 2026
/dev/rdisk3s3: fsck_apfs started at Mon May  4 09:14:24 2026
/dev/rdisk3s3: ** QUICKCHECK ONLY; FILESYSTEM CLEAN
/dev/rdisk3s3: fsck_apfs completed at Mon May  4 09:14:24 2026
/dev/rdisk3s3: fsck_apfs started at Mon May  4 11:56:59 2026
/dev/rdisk3s3: ** QUICKCHECK ONLY; FILESYSTEM CLEAN
/dev/rdisk3s3: fsck_apfs completed at Mon May  4 11:56:59 2026
